           | Oxc        | ESBuild    | Oxc        | ESBuild    |
Original   | minified   | minified   | gzip       | gzip       | Iterations | File      
-------------------------------------------------------------------------------------
72.14 kB   | 23.21 kB   | 23.70 kB   | 8.38 kB    | 8.54 kB    |          2 | react.development.js 

173.90 kB  | 59.44 kB   | 59.82 kB   | 19.16 kB   | 19.33 kB   |          2 | moment.js  

287.63 kB  | 89.28 kB   | 90.07 kB   | 30.94 kB   | 31.95 kB   |          2 | jquery.js  

342.15 kB  | 117 kB     | 118.14 kB  | 43.19 kB   | 44.37 kB   |          2 | vue.js     

544.10 kB  | 71.18 kB   | 72.48 kB   | 25.85 kB   | 26.20 kB   |          2 | lodash.js  

555.77 kB  | 267.47 kB  | 270.13 kB  | 88.05 kB   | 90.80 kB   |          2 | d3.js      

1.01 MB    | 439.53 kB  | 458.89 kB  | 122.13 kB  | 126.71 kB  |          2 | bundle.min.js 

1.25 MB    | 642.81 kB  | 646.76 kB  | 159.44 kB  | 163.73 kB  |          2 | three.js   

2.14 MB    | 712.15 kB  | 724.14 kB  | 160.92 kB  | 181.07 kB  |          2 | victory.js 

3.20 MB    | 1.00 MB    | 1.01 MB    | 323.08 kB  | 331.56 kB  |          3 | echarts.js 

6.69 MB    | 2.22 MB    | 2.31 MB    | 459.15 kB  | 488.28 kB  |          4 | antd.js    

10.95 MB   | 3.34 MB    | 3.49 MB    | 855.12 kB  | 915.50 kB  |          4 | typescript.js 

