---
source: crates/oxc_formatter/tests/schema.rs
expression: json
---
{
  "$schema": "http://json-schema.org/draft-07/schema#",
  "title": "Oxfmtrc",
  "description": "Configuration options for the formatter.\nMost options are the same as Prettier's options.\nSee also <https://prettier.io/docs/options>",
  "type": "object",
  "properties": {
    "arrowParens": {
      "type": [
        "string",
        "null"
      ]
    },
    "bracketSameLine": {
      "type": [
        "boolean",
        "null"
      ]
    },
    "bracketSpacing": {
      "type": [
        "boolean",
        "null"
      ]
    },
    "endOfLine": {
      "type": [
        "string",
        "null"
      ]
    },
    "experimentalOperatorPosition": {
      "type": [
        "string",
        "null"
      ]
    },
    "experimentalSortImports": {
      "anyOf": [
        {
          "$ref": "#/definitions/SortImportsConfig"
        },
        {
          "type": "null"
        }
      ]
    },
    "jsxSingleQuote": {
      "type": [
        "boolean",
        "null"
      ]
    },
    "objectWrap": {
      "type": [
        "string",
        "null"
      ]
    },
    "printWidth": {
      "type": [
        "integer",
        "null"
      ],
      "format": "uint16",
      "minimum": 0.0
    },
    "quoteProps": {
      "type": [
        "string",
        "null"
      ]
    },
    "semi": {
      "type": [
        "boolean",
        "null"
      ]
    },
    "singleAttributePerLine": {
      "type": [
        "boolean",
        "null"
      ]
    },
    "singleQuote": {
      "type": [
        "boolean",
        "null"
      ]
    },
    "tabWidth": {
      "type": [
        "integer",
        "null"
      ],
      "format": "uint8",
      "minimum": 0.0
    },
    "trailingComma": {
      "type": [
        "string",
        "null"
      ]
    },
    "useTabs": {
      "type": [
        "boolean",
        "null"
      ]
    }
  },
  "definitions": {
    "SortImportsConfig": {
      "type": "object",
      "properties": {
        "ignoreCase": {
          "default": true,
          "type": "boolean"
        },
        "order": {
          "default": "asc",
          "type": "string"
        },
        "partitionByComment": {
          "default": false,
          "type": "boolean"
        },
        "partitionByNewline": {
          "default": false,
          "type": "boolean"
        },
        "sortSideEffects": {
          "default": false,
          "type": "boolean"
        }
      }
    }
  }
}
