File                       | File size      || Sys allocs     | Sys reallocs   || Arena allocs   | Arena reallocs | Arena bytes    
-------------------------------------------------------------------------------------------------------------------------------------------
checker.ts                 | 2.92 MB        ||          83481 |          14179 ||         152610 |          28185

cal.com.tsx                | 1.06 MB        ||          40446 |           3033 ||          37151 |           4578

RadixUIAdoptionSection.jsx | 2.52 kB        ||             85 |              9 ||             30 |              6

pdf.mjs                    | 567.30 kB      ||          19808 |           2899 ||          47442 |           7725

antd.js                    | 6.69 MB        ||          99498 |          13523 ||         331565 |          69251

binder.ts                  | 193.08 kB      ||           4760 |            974 ||           7075 |            824

